// Jest Snapshot v1, https://goo.gl/fbAQLP

exports[`<DropdownSearch/> renders correctly 1`] = `
.c0 {
  position: relative;
  display: inline-block;
  margin: 20px;
}

.c0:before {
  display: none;
  position: absolute;
  content: " ⚲ ";
  -webkit-transform: scale(0.5);
  -ms-transform: scale(0.5);
  transform: scale(0.5);
  top: 4px;
  left: 2px;
  height: 10px;
  width: 24px;
  margin-right: 5px;
  -webkit-transform: rotate(-45deg);
  -ms-transform: rotate(-45deg);
  transform: rotate(-45deg);
}

.c0:after {
  content: "▼";
  display: block;
  position: absolute;
  top: 11px;
  right: 45px;
}

.c5 {
  position: relative;
  visibility: visible;
  opacity: 1;
  -webkit-transition: visibility 0s,opacity 0.5s;
  transition: visibility 0s,opacity 0.5s;
  -webkit-transition-delay: 0.1s;
  transition-delay: 0.1s;
}

.c7 {
  list-style: none;
  margin: 2px;
  padding: 0;
  overflow: hidden;
  overflow-y: scroll;
  border-radius: 3px;
  border: 1px solid #bfc5cd;
  box-shadow: 0 5px 15px 0 rgba(74,74,74,0.15);
}

.c6 {
  display: -webkit-box;
  display: -webkit-flex;
  display: -ms-flexbox;
  display: flex;
  -webkit-flex-direction: column;
  -ms-flex-direction: column;
  flex-direction: column;
  padding: 0;
  min-width: 230px;
  max-width: 350px;
  height: 200px;
  min-height: 100px;
  max-height: 250px;
}

.c8 {
  font-family: "Helvetica";
  color: #798697;
  line-height: 30px;
  padding: 1px;
  padding-left: 11px;
  font-size: 14px;
  cursor: not-allowed;
}

.c8:hover {
  color: #4a4a4a;
  background: #f7f7f7;
}

.c3 {
  position: absolute;
  padding-left: 12px;
  margin-bottom: 15px;
  top: 9px;
  left: 0px;
  -webkit-transition: -webkit-transform 0.1s;
  -webkit-transition: transform 0.1s;
  transition: transform 0.1s;
  -webkit-transition-timing-function: cubic-bezier(0.25,0.1,0.25,0.1);
  transition-timing-function: cubic-bezier(0.25,0.1,0.25,0.1);
  opacity: 0.5;
  -webkit-user-select: none;
  -moz-user-select: none;
  -ms-user-select: none;
  user-select: none;
}

.c1 {
  border: 1px solid #bfc5cd;
  border-radius: 7px;
  color: #4a4a4a;
  padding: 10px;
  outline: none;
  -webkit-transition: all 0.6s;
  transition: all 0.6s;
  -webkit-transition-delay: 0.2s;
  transition-delay: 0.2s;
}

.c1::-webkit-input-placeholder {
  opacity: 0;
}

.c1:hover {
  border: 1px solid #4a4a4a;
}

.c1:focus {
  text-indent: 12px;
}

.c1:focus::-webkit-input-placeholder {
  opacity: 1;
}

.c1:not(:focus) ~ .c4 {
  visibility: hidden;
  opacity: 0;
}

.c1:focus ~ .c2,
.c1:not(:placeholder-shown) ~ .c2 {
  -webkit-transform: scale(0.9) translateY(-135%) translateX(-10px);
  -ms-transform: scale(0.9) translateY(-135%) translateX(-10px);
  transform: scale(0.9) translateY(-135%) translateX(-10px);
  opacity: 1;
  padding-bottom: 2px;
}

<div
  className="c0"
  id="wrapper-div"
>
  <input
    autoComplete="off"
    className="c1"
    data-testid="contact-input"
    id="contact-input"
    name="contact"
    onBlur={[Function]}
    onChange={[Function]}
    onFocus={[Function]}
    placeholder="Type or Search.."
    type="text"
    value=""
  />
  <label
    className="c2 c3"
    htmlFor="contact"
  >
    Contact
  </label>
  <nav
    className="c4 c5"
    data-testid="navBar"
  >
    <div
      className="c6"
    >
      <ul
        className="c7"
      >
        <li
          className="c8"
          data-testid="no-match"
        >
          No match
        </li>
      </ul>
    </div>
  </nav>
</div>
`;
